"02-attribute-no-init.cl", line 1:1, Syntax error: mismatched input 'class' expecting CLASS
Compilation halted
