"12-while.cl", line 1:1, Syntax error: mismatched input 'class' expecting CLASS
Compilation halted
