"17-big.cl", line 7:1, Syntax error: mismatched input 'class' expecting CLASS
Compilation halted
