Loaded: trap.handler.nogc
The following symbols are undefined:
heap_start
_bool_tag
Int_protObj
_int_tag
_string_tag
Main.main
String_protObj
class_nameTab
Int_init
String_init
Main_protObj
main
Main_init

